// Jest Snapshot v1, https://goo.gl/fbAQLP

exports[`render correctly SearchBox component 1`] = `
<div
  className="pa3"
>
  <input
    aria-label="search robots"
    className="pa3 ba b--green bg-lightest-blue"
    onChange={[MockFunction]}
    placeholder="search robot"
    type="search"
  />
</div>
`;
